// Jest Snapshot v1, https://goo.gl/fbAQLP

exports[`requestGetQuotes Saga should call the repoLoadingError action if the response errors 1`] = `
Object {
  "@@redux-saga/IO": true,
  "combinator": false,
  "payload": Object {
    "args": Array [
      "http://localhost:3001/quotes",
    ],
    "context": null,
    "fn": [Function],
  },
  "type": "CALL",
}
`;

exports[`requestGetQuotes Saga should call the repoLoadingError action if the response errors 2`] = `
Object {
  "@@redux-saga/IO": true,
  "combinator": false,
  "payload": Object {
    "action": Object {
      "quotes": undefined,
      "type": "boilerplate/App/LOAD_QUOTES_SUCCESS",
    },
    "channel": undefined,
  },
  "type": "PUT",
}
`;

exports[`requestGetQuotes Saga should dispatch the reposLoaded action if it requests the data successfully 1`] = `
Object {
  "@@redux-saga/IO": true,
  "combinator": false,
  "payload": Object {
    "args": Array [
      "http://localhost:3001/quotes",
    ],
    "context": null,
    "fn": [Function],
  },
  "type": "CALL",
}
`;

exports[`requestGetQuotes Saga should dispatch the reposLoaded action if it requests the data successfully 2`] = `
Object {
  "@@redux-saga/IO": true,
  "combinator": false,
  "payload": Object {
    "action": Object {
      "quotes": undefined,
      "type": "boilerplate/App/LOAD_QUOTES_SUCCESS",
    },
    "channel": undefined,
  },
  "type": "PUT",
}
`;
